()-> () -> ()
(
    bar
)-> ( bar ) -> (
    bar
)
(
    foo,
    bar
)-> ( foo, bar ) -> (
    foo,
    bar
)
