"A\302\255B"->"A­B" = SAME ("A­B" :: <2241c2ad 4222>)
