<>-><>
<56664c20 426f6368 756d2031 3834>-><56664c20 426f6368 756d2031 3834>
