decoded: {
    foo = NSNull;
}
encoded: {
	foo = __NULL__
}
