(
    NO,
    <0de20271 431d9847 f08a0365>,
    <0a2f0147 4aa504df f0941780>,
    <0a910147 4aa506ee f0931780>,
    "120.4",
    "120.4",
    NSNull,
    8,
    NSNull,
    0
)
