{
    crs = "KK\r\r";
    x = ".  ";
    "›" = 1;
}
