VfL Bochum 1833
VfL Bochum 1834
VfL Bochum 1835
VfL Bochum 1836
VfL Bochum 1837
VfL Bochum 1838
VfL Bochum 1839
VfL Bochum 1840
VfL Bochum 1841
VfL Bochum 1842
VfL Bochum 1843
VfL Bochum 1844
VfL Bochum 1845
VfL Bochum 1846
VfL Bochum 1847
VfL Bochum 1848
